[config] position_xy_weight=10 position_z_weight=6 velocity_weight=0.005 e2e_velocity=E2EVelocityConfig(mode='position_error', position_gain=4.0, max_speed=1.5, observation_mode='absolute', reward_mode='position_error') action_scale=(0.0075, 0.0075, 0.001, 0.5)
[floor] open-loop-hover (n=30 avg) = 0.0519 m, surv=800
  step   20000 | e2e=0.0861 | floor=0.0519 | surv=49 | disq=30/30 | ... (-66.0%)
  step   40000 | e2e=0.0600 | floor=0.0519 | surv=31 | disq=30/30 | ... (-15.7%)
  step   60000 | e2e=0.0562 | floor=0.0519 | surv=28 | disq=30/30 | ... (-8.3%)
  step   80000 | e2e=0.0554 | floor=0.0519 | surv=27 | disq=30/30 | ... (-6.9%)
  step  100000 | e2e=0.0525 | floor=0.0519 | surv=34 | disq=30/30 | ... (-1.2%)
  step  120000 | e2e=0.0499 | floor=0.0519 | surv=31 | disq=30/30 | WIN (+3.8%)
  step  140000 | e2e=0.0572 | floor=0.0519 | surv=37 | disq=30/30 | ... (-10.2%)
  step  160000 | e2e=0.0537 | floor=0.0519 | surv=39 | disq=30/30 | ... (-3.6%)
  step  180000 | e2e=0.0609 | floor=0.0519 | surv=43 | disq=30/30 | ... (-17.5%)
  step  200000 | e2e=0.6425 | floor=0.0519 | surv=122 | disq=30/30 | ... (-1138.7%)
  step  220000 | e2e=0.6905 | floor=0.0519 | surv=143 | disq=30/30 | ... (-1231.3%)
  step  240000 | e2e=0.2385 | floor=0.0519 | surv=99 | disq=30/30 | ... (-359.7%)
  step  260000 | e2e=0.1979 | floor=0.0519 | surv=89 | disq=30/30 | ... (-281.5%)
  step  280000 | e2e=0.5248 | floor=0.0519 | surv=160 | disq=30/30 | ... (-911.8%)
  step  300000 | e2e=0.3481 | floor=0.0519 | surv=134 | disq=30/30 | ... (-571.1%)
  step  320000 | e2e=0.3756 | floor=0.0519 | surv=209 | disq=30/30 | ... (-624.0%)
  step  340000 | e2e=0.3720 | floor=0.0519 | surv=234 | disq=30/30 | ... (-617.3%)
  step  360000 | e2e=0.2894 | floor=0.0519 | surv=217 | disq=30/30 | ... (-457.8%)
  step  380000 | e2e=0.2396 | floor=0.0519 | surv=292 | disq=30/30 | ... (-361.9%)
  step  400000 | e2e=0.1778 | floor=0.0519 | surv=492 | disq=29/30 | ... (-242.8%)
  step  420000 | e2e=0.1259 | floor=0.0519 | surv=783 | disq=7/30 | ... (-142.6%)
  step  440000 | e2e=0.1062 | floor=0.0519 | surv=800 | disq=0/30 | WIN*(saved) (-104.8%)
  step  460000 | e2e=0.0638 | floor=0.0519 | surv=800 | disq=0/30 | WIN*(saved) (-23.1%)
  step  480000 | e2e=0.1093 | floor=0.0519 | surv=782 | disq=17/30 | ... (-110.8%)
  step  500000 | e2e=0.0839 | floor=0.0519 | surv=800 | disq=0/30 | ... (-61.8%)
  step  520000 | e2e=0.1003 | floor=0.0519 | surv=800 | disq=0/30 | ... (-93.3%)
  step  540000 | e2e=0.0528 | floor=0.0519 | surv=800 | disq=0/30 | WIN*(saved) (-1.8%)
  step  560000 | e2e=0.0789 | floor=0.0519 | surv=800 | disq=0/30 | ... (-52.0%)
  step  580000 | e2e=0.0541 | floor=0.0519 | surv=800 | disq=0/30 | ... (-4.2%)
  step  600000 | e2e=0.0293 | floor=0.0519 | surv=800 | disq=0/30 | WIN*(saved) (+43.5%)
  step  620000 | e2e=0.0701 | floor=0.0519 | surv=800 | disq=0/30 | ... (-35.2%)
  step  640000 | e2e=0.0250 | floor=0.0519 | surv=800 | disq=0/30 | WIN*(saved) (+51.7%)
  step  660000 | e2e=0.0087 | floor=0.0519 | surv=800 | disq=0/30 | WIN*(saved) (+83.3%)
  step  680000 | e2e=0.0287 | floor=0.0519 | surv=800 | disq=0/30 | WIN (+44.6%)
  step  700000 | e2e=0.0309 | floor=0.0519 | surv=800 | disq=0/30 | WIN (+40.5%)
  step  720000 | e2e=0.0180 | floor=0.0519 | surv=800 | disq=0/30 | WIN (+65.4%)
  step  740000 | e2e=0.0166 | floor=0.0519 | surv=800 | disq=0/30 | WIN (+68.0%)
  step  760000 | e2e=0.0083 | floor=0.0519 | surv=800 | disq=0/30 | WIN*(saved) (+84.0%)
  step  780000 | e2e=0.0076 | floor=0.0519 | surv=800 | disq=0/30 | WIN*(saved) (+85.4%)
  step  800000 | e2e=0.0139 | floor=0.0519 | surv=800 | disq=0/30 | WIN (+73.1%)
  step  820000 | e2e=0.0096 | floor=0.0519 | surv=800 | disq=0/30 | WIN (+81.5%)
  step  840000 | e2e=0.0058 | floor=0.0519 | surv=800 | disq=0/30 | WIN*(saved) (+88.8%)
  step  860000 | e2e=0.0154 | floor=0.0519 | surv=800 | disq=0/30 | WIN (+70.3%)
  step  880000 | e2e=0.0133 | floor=0.0519 | surv=800 | disq=0/30 | WIN (+74.4%)
  step  900000 | e2e=0.0090 | floor=0.0519 | surv=800 | disq=0/30 | WIN (+82.6%)
  step  920000 | e2e=0.0056 | floor=0.0519 | surv=800 | disq=0/30 | WIN*(saved) (+89.2%)
  step  940000 | e2e=0.0086 | floor=0.0519 | surv=800 | disq=0/30 | WIN (+83.4%)
  step  960000 | e2e=0.0024 | floor=0.0519 | surv=800 | disq=0/30 | WIN*(saved) (+95.3%)
  step  980000 | e2e=0.0045 | floor=0.0519 | surv=800 | disq=0/30 | WIN (+91.3%)
  step 1000000 | e2e=0.0044 | floor=0.0519 | surv=800 | disq=0/30 | WIN (+91.4%)
done.
