results: /home/kenneth/RL_src/crazyflie_with_RL_refactor_v2/artifacts/runs/ab-integral-m4i5pqhy
1/56 nominal-A_best-no_integral: completed=True duration=60.00 end=horizon
2/56 nominal-B_best-no_integral: completed=True duration=60.00 end=horizon
3/56 centered_payload-A_best-no_integral: completed=True duration=60.00 end=horizon
4/56 centered_payload-B_best-no_integral: completed=True duration=60.00 end=horizon
5/56 offset_payload-A_best-no_integral: completed=True duration=60.00 end=horizon
6/56 offset_payload-B_best-no_integral: completed=True duration=60.00 end=horizon
7/56 motor_80-A_best-no_integral: completed=True duration=60.00 end=horizon
8/56 motor_80-B_best-no_integral: completed=True duration=60.00 end=horizon
9/56 motor_70-A_best-no_integral: completed=True duration=60.00 end=horizon
10/56 motor_70-B_best-no_integral: completed=True duration=60.00 end=horizon
11/56 combined_80-A_best-no_integral: completed=True duration=60.00 end=horizon
12/56 combined_80-B_best-no_integral: completed=True duration=60.00 end=horizon
13/56 combined_70-A_best-no_integral: completed=True duration=60.00 end=horizon
14/56 combined_70-B_best-no_integral: completed=True duration=60.00 end=horizon
15/56 nominal-A_best-integral_005: completed=True duration=60.00 end=horizon
16/56 nominal-B_best-integral_005: completed=True duration=60.00 end=horizon
17/56 centered_payload-A_best-integral_005: completed=True duration=60.00 end=horizon
18/56 centered_payload-B_best-integral_005: completed=True duration=60.00 end=horizon
19/56 offset_payload-A_best-integral_005: completed=True duration=60.00 end=horizon
20/56 offset_payload-B_best-integral_005: completed=True duration=60.00 end=horizon
21/56 motor_80-A_best-integral_005: completed=True duration=60.00 end=horizon
22/56 motor_80-B_best-integral_005: completed=True duration=60.00 end=horizon
23/56 motor_70-A_best-integral_005: completed=True duration=60.00 end=horizon
24/56 motor_70-B_best-integral_005: completed=True duration=60.00 end=horizon
25/56 combined_80-A_best-integral_005: completed=True duration=60.00 end=horizon
26/56 combined_80-B_best-integral_005: completed=True duration=60.00 end=horizon
27/56 combined_70-A_best-integral_005: completed=True duration=60.00 end=horizon
28/56 combined_70-B_best-integral_005: completed=True duration=60.00 end=horizon
29/56 nominal-A_best-integral_010: completed=True duration=60.00 end=horizon
30/56 nominal-B_best-integral_010: completed=True duration=60.00 end=horizon
31/56 centered_payload-A_best-integral_010: completed=True duration=60.00 end=horizon
32/56 centered_payload-B_best-integral_010: completed=True duration=60.00 end=horizon
33/56 offset_payload-A_best-integral_010: completed=True duration=60.00 end=horizon
34/56 offset_payload-B_best-integral_010: completed=True duration=60.00 end=horizon
35/56 motor_80-A_best-integral_010: completed=True duration=60.00 end=horizon
36/56 motor_80-B_best-integral_010: completed=True duration=60.00 end=horizon
37/56 motor_70-A_best-integral_010: completed=True duration=60.00 end=horizon
38/56 motor_70-B_best-integral_010: completed=True duration=60.00 end=horizon
39/56 combined_80-A_best-integral_010: completed=True duration=60.00 end=horizon
40/56 combined_80-B_best-integral_010: completed=True duration=60.00 end=horizon
41/56 combined_70-A_best-integral_010: completed=True duration=60.00 end=horizon
42/56 combined_70-B_best-integral_010: completed=True duration=60.00 end=horizon
43/56 nominal-A_best-integral_020: completed=True duration=60.00 end=horizon
44/56 nominal-B_best-integral_020: completed=True duration=60.00 end=horizon
45/56 centered_payload-A_best-integral_020: completed=True duration=60.00 end=horizon
46/56 centered_payload-B_best-integral_020: completed=True duration=60.00 end=horizon
47/56 offset_payload-A_best-integral_020: completed=True duration=60.00 end=horizon
48/56 offset_payload-B_best-integral_020: completed=True duration=60.00 end=horizon
49/56 motor_80-A_best-integral_020: completed=True duration=60.00 end=horizon
50/56 motor_80-B_best-integral_020: completed=True duration=60.00 end=horizon
51/56 motor_70-A_best-integral_020: completed=True duration=60.00 end=horizon
52/56 motor_70-B_best-integral_020: completed=True duration=60.00 end=horizon
53/56 combined_80-A_best-integral_020: completed=True duration=60.00 end=horizon
54/56 combined_80-B_best-integral_020: completed=True duration=60.00 end=horizon
55/56 combined_70-A_best-integral_020: completed=True duration=60.00 end=horizon
56/56 combined_70-B_best-integral_020: completed=True duration=60.00 end=horizon
results: /home/kenneth/RL_src/crazyflie_with_RL_refactor_v2/artifacts/runs/ab-integral-m4i5pqhy
