results: /home/kenneth/RL_src/crazyflie_with_RL_refactor_v2/artifacts/runs/ab-oracle-0r_ekf0x
1/40 nominal-A_best-existing_no_integral: completed=True duration=60.00 end=horizon
2/40 nominal-A_best-existing_integral_020: completed=True duration=60.00 end=horizon
3/40 nominal-A_best-oracle_no_integral: completed=True duration=60.00 end=horizon
4/40 nominal-A_best-oracle_integral_020: completed=True duration=60.00 end=horizon
5/40 nominal-B_best-existing_no_integral: completed=True duration=60.00 end=horizon
6/40 nominal-B_best-existing_integral_020: completed=True duration=60.00 end=horizon
7/40 nominal-B_best-oracle_no_integral: completed=True duration=60.00 end=horizon
8/40 nominal-B_best-oracle_integral_020: completed=True duration=60.00 end=horizon
9/40 combined_motor2_70-A_best-existing_no_integral: completed=False duration=5.41 end=max_tilt
10/40 combined_motor2_70-A_best-existing_integral_020: completed=False duration=5.41 end=max_tilt
11/40 combined_motor2_70-A_best-oracle_no_integral: completed=False duration=5.84 end=max_tilt
12/40 combined_motor2_70-A_best-oracle_integral_020: completed=False duration=5.84 end=max_tilt
13/40 combined_motor2_70-B_best-existing_no_integral: completed=True duration=60.00 end=horizon
14/40 combined_motor2_70-B_best-existing_integral_020: completed=True duration=60.00 end=horizon
15/40 combined_motor2_70-B_best-oracle_no_integral: completed=True duration=60.00 end=horizon
16/40 combined_motor2_70-B_best-oracle_integral_020: completed=True duration=60.00 end=horizon
17/40 combined_motor3_70-A_best-existing_no_integral: completed=False duration=7.13 end=max_tilt
18/40 combined_motor3_70-A_best-existing_integral_020: completed=False duration=7.16 end=max_tilt
19/40 combined_motor3_70-A_best-oracle_no_integral: completed=True duration=60.00 end=horizon
20/40 combined_motor3_70-A_best-oracle_integral_020: completed=True duration=60.00 end=horizon
21/40 combined_motor3_70-B_best-existing_no_integral: completed=False duration=5.29 end=max_tilt
22/40 combined_motor3_70-B_best-existing_integral_020: completed=False duration=5.29 end=max_tilt
23/40 combined_motor3_70-B_best-oracle_no_integral: completed=False duration=5.39 end=max_tilt
24/40 combined_motor3_70-B_best-oracle_integral_020: completed=False duration=5.39 end=max_tilt
25/40 motor1_70_restore-A_best-existing_no_integral: completed=True duration=60.00 end=horizon
26/40 motor1_70_restore-A_best-existing_integral_020: completed=True duration=60.00 end=horizon
27/40 motor1_70_restore-A_best-oracle_no_integral: completed=True duration=60.00 end=horizon
28/40 motor1_70_restore-A_best-oracle_integral_020: completed=True duration=60.00 end=horizon
29/40 motor1_70_restore-B_best-existing_no_integral: completed=True duration=60.00 end=horizon
30/40 motor1_70_restore-B_best-existing_integral_020: completed=True duration=60.00 end=horizon
31/40 motor1_70_restore-B_best-oracle_no_integral: completed=True duration=60.00 end=horizon
32/40 motor1_70_restore-B_best-oracle_integral_020: completed=True duration=60.00 end=horizon
33/40 combined_motor1_70_restore-A_best-existing_no_integral: completed=True duration=60.00 end=horizon
34/40 combined_motor1_70_restore-A_best-existing_integral_020: completed=True duration=60.00 end=horizon
35/40 combined_motor1_70_restore-A_best-oracle_no_integral: completed=True duration=60.00 end=horizon
36/40 combined_motor1_70_restore-A_best-oracle_integral_020: completed=True duration=60.00 end=horizon
37/40 combined_motor1_70_restore-B_best-existing_no_integral: completed=True duration=60.00 end=horizon
38/40 combined_motor1_70_restore-B_best-existing_integral_020: completed=True duration=60.00 end=horizon
39/40 combined_motor1_70_restore-B_best-oracle_no_integral: completed=True duration=60.00 end=horizon
40/40 combined_motor1_70_restore-B_best-oracle_integral_020: completed=True duration=60.00 end=horizon
results: /home/kenneth/RL_src/crazyflie_with_RL_refactor_v2/artifacts/runs/ab-oracle-0r_ekf0x
