[config] position_xy_weight=10 position_z_weight=6 velocity_weight=0.005 e2e_velocity=E2EVelocityConfig(mode='position_error', position_gain=4.0, max_speed=1.5, observation_mode='absolute', reward_mode='absolute') action_scale=(0.0075, 0.0075, 0.001, 0.5)
[floor] open-loop-hover (n=30 avg) = 0.0519 m, surv=800
  step   20000 | e2e=0.0728 | floor=0.0519 | surv=45 | disq=30/30 | ... (-40.3%)
  step   40000 | e2e=0.0514 | floor=0.0519 | surv=36 | disq=30/30 | WIN (+0.8%)
  step   60000 | e2e=0.0510 | floor=0.0519 | surv=27 | disq=30/30 | WIN (+1.6%)
  step   80000 | e2e=0.0492 | floor=0.0519 | surv=26 | disq=30/30 | WIN (+5.1%)
  step  100000 | e2e=0.0479 | floor=0.0519 | surv=24 | disq=30/30 | WIN (+7.6%)
  step  120000 | e2e=0.0460 | floor=0.0519 | surv=31 | disq=30/30 | WIN (+11.4%)
  step  140000 | e2e=0.0533 | floor=0.0519 | surv=37 | disq=30/30 | ... (-2.7%)
  step  160000 | e2e=0.1384 | floor=0.0519 | surv=91 | disq=30/30 | ... (-166.8%)
  step  180000 | e2e=0.2480 | floor=0.0519 | surv=206 | disq=30/30 | ... (-378.2%)
  step  200000 | e2e=0.4691 | floor=0.0519 | surv=171 | disq=30/30 | ... (-804.5%)
  step  220000 | e2e=0.3989 | floor=0.0519 | surv=245 | disq=27/30 | ... (-669.0%)
  step  240000 | e2e=0.2486 | floor=0.0519 | surv=293 | disq=30/30 | ... (-379.3%)
  step  260000 | e2e=0.2456 | floor=0.0519 | surv=618 | disq=30/30 | ... (-373.5%)
  step  280000 | e2e=0.2448 | floor=0.0519 | surv=352 | disq=30/30 | ... (-372.0%)
  step  300000 | e2e=0.1201 | floor=0.0519 | surv=574 | disq=29/30 | ... (-131.5%)
  step  320000 | e2e=0.2600 | floor=0.0519 | surv=765 | disq=20/30 | ... (-401.3%)
  step  340000 | e2e=0.1843 | floor=0.0519 | surv=765 | disq=24/30 | ... (-255.3%)
  step  360000 | e2e=0.1815 | floor=0.0519 | surv=800 | disq=0/30 | WIN*(saved) (-250.0%)
  step  380000 | e2e=0.1572 | floor=0.0519 | surv=800 | disq=0/30 | WIN*(saved) (-203.1%)
  step  400000 | e2e=0.0382 | floor=0.0519 | surv=800 | disq=0/30 | WIN*(saved) (+26.3%)
  step  420000 | e2e=0.1248 | floor=0.0519 | surv=800 | disq=0/30 | ... (-140.6%)
  step  440000 | e2e=0.0840 | floor=0.0519 | surv=800 | disq=0/30 | ... (-62.0%)
  step  460000 | e2e=0.0556 | floor=0.0519 | surv=800 | disq=0/30 | ... (-7.2%)
  step  480000 | e2e=0.0885 | floor=0.0519 | surv=800 | disq=0/30 | ... (-70.5%)
  step  500000 | e2e=0.1423 | floor=0.0519 | surv=800 | disq=0/30 | ... (-174.3%)
  step  520000 | e2e=0.0535 | floor=0.0519 | surv=800 | disq=0/30 | ... (-3.1%)
  step  540000 | e2e=0.0405 | floor=0.0519 | surv=800 | disq=0/30 | WIN (+21.8%)
  step  560000 | e2e=0.0258 | floor=0.0519 | surv=800 | disq=0/30 | WIN*(saved) (+50.3%)
  step  580000 | e2e=0.0216 | floor=0.0519 | surv=800 | disq=0/30 | WIN*(saved) (+58.4%)
  step  600000 | e2e=0.0161 | floor=0.0519 | surv=800 | disq=0/30 | WIN*(saved) (+69.0%)
  step  620000 | e2e=0.0168 | floor=0.0519 | surv=800 | disq=0/30 | WIN (+67.6%)
  step  640000 | e2e=0.0134 | floor=0.0519 | surv=800 | disq=0/30 | WIN*(saved) (+74.1%)
  step  660000 | e2e=0.0146 | floor=0.0519 | surv=800 | disq=0/30 | WIN (+71.8%)
  step  680000 | e2e=0.0135 | floor=0.0519 | surv=800 | disq=0/30 | WIN (+74.0%)
  step  700000 | e2e=0.0141 | floor=0.0519 | surv=800 | disq=0/30 | WIN (+72.9%)
  step  720000 | e2e=0.0070 | floor=0.0519 | surv=800 | disq=0/30 | WIN*(saved) (+86.6%)
  step  740000 | e2e=0.0083 | floor=0.0519 | surv=800 | disq=0/30 | WIN (+83.9%)
  step  760000 | e2e=0.0095 | floor=0.0519 | surv=800 | disq=0/30 | WIN (+81.6%)
  step  780000 | e2e=0.0046 | floor=0.0519 | surv=800 | disq=0/30 | WIN*(saved) (+91.1%)
  step  800000 | e2e=0.0029 | floor=0.0519 | surv=800 | disq=0/30 | WIN*(saved) (+94.3%)
  step  820000 | e2e=0.0066 | floor=0.0519 | surv=800 | disq=0/30 | WIN (+87.2%)
  step  840000 | e2e=0.0048 | floor=0.0519 | surv=800 | disq=0/30 | WIN (+90.8%)
  step  860000 | e2e=0.0077 | floor=0.0519 | surv=800 | disq=0/30 | WIN (+85.1%)
  step  880000 | e2e=0.0091 | floor=0.0519 | surv=800 | disq=0/30 | WIN (+82.4%)
  step  900000 | e2e=0.0101 | floor=0.0519 | surv=800 | disq=0/30 | WIN (+80.6%)
  step  920000 | e2e=0.0060 | floor=0.0519 | surv=800 | disq=0/30 | WIN (+88.4%)
  step  940000 | e2e=0.0087 | floor=0.0519 | surv=800 | disq=0/30 | WIN (+83.2%)
  step  960000 | e2e=0.0051 | floor=0.0519 | surv=800 | disq=0/30 | WIN (+90.2%)
  step  980000 | e2e=0.0024 | floor=0.0519 | surv=800 | disq=0/30 | WIN*(saved) (+95.4%)
  step 1000000 | e2e=0.0052 | floor=0.0519 | surv=800 | disq=0/30 | WIN (+90.0%)
done.
