[config] position_xy_weight=10 position_z_weight=6 velocity_weight=0.005 e2e_velocity=E2EVelocityConfig(mode='position_error', position_gain=4.0, max_speed=1.5) action_scale=(0.0075, 0.0075, 0.001, 0.5)
[floor] open-loop-hover (n=30 avg) = 0.0519 m, surv=800
  step   20000 | e2e=0.0749 | floor=0.0519 | surv=43 | disq=30/30 | ... (-44.4%)
  step   40000 | e2e=0.0460 | floor=0.0519 | surv=32 | disq=30/30 | WIN (+11.3%)
  step   60000 | e2e=0.0432 | floor=0.0519 | surv=27 | disq=30/30 | WIN (+16.8%)
  step   80000 | e2e=0.0435 | floor=0.0519 | surv=29 | disq=30/30 | WIN (+16.1%)
  step  100000 | e2e=0.0441 | floor=0.0519 | surv=29 | disq=30/30 | WIN (+14.9%)
  step  120000 | e2e=0.0450 | floor=0.0519 | surv=26 | disq=30/30 | WIN (+13.3%)
  step  140000 | e2e=0.0479 | floor=0.0519 | surv=31 | disq=30/30 | WIN (+7.6%)
  step  160000 | e2e=0.0479 | floor=0.0519 | surv=30 | disq=30/30 | WIN (+7.6%)
  step  180000 | e2e=0.0518 | floor=0.0519 | surv=35 | disq=30/30 | WIN (+0.2%)
  step  200000 | e2e=0.0927 | floor=0.0519 | surv=51 | disq=30/30 | ... (-78.7%)
  step  220000 | e2e=0.2877 | floor=0.0519 | surv=117 | disq=30/30 | ... (-454.6%)
  step  240000 | e2e=0.3947 | floor=0.0519 | surv=126 | disq=30/30 | ... (-660.9%)
  step  260000 | e2e=0.4312 | floor=0.0519 | surv=141 | disq=30/30 | ... (-731.3%)
  step  280000 | e2e=0.3255 | floor=0.0519 | surv=173 | disq=30/30 | ... (-527.5%)
  step  300000 | e2e=0.4859 | floor=0.0519 | surv=178 | disq=30/30 | ... (-836.8%)
  step  320000 | e2e=0.5795 | floor=0.0519 | surv=208 | disq=26/30 | ... (-1017.3%)
  step  340000 | e2e=0.6087 | floor=0.0519 | surv=241 | disq=24/30 | ... (-1073.5%)
  step  360000 | e2e=0.4004 | floor=0.0519 | surv=234 | disq=30/30 | ... (-672.0%)
  step  380000 | e2e=0.2464 | floor=0.0519 | surv=184 | disq=30/30 | ... (-375.0%)
  step  400000 | e2e=0.2633 | floor=0.0519 | surv=219 | disq=30/30 | ... (-407.5%)
  step  420000 | e2e=0.2152 | floor=0.0519 | surv=236 | disq=30/30 | ... (-314.9%)
  step  440000 | e2e=0.2306 | floor=0.0519 | surv=266 | disq=30/30 | ... (-344.5%)
  step  460000 | e2e=0.2028 | floor=0.0519 | surv=212 | disq=30/30 | ... (-291.0%)
  step  480000 | e2e=0.1718 | floor=0.0519 | surv=201 | disq=30/30 | ... (-231.3%)
  step  500000 | e2e=0.2199 | floor=0.0519 | surv=179 | disq=30/30 | ... (-323.9%)
  step  520000 | e2e=0.1968 | floor=0.0519 | surv=218 | disq=30/30 | ... (-279.5%)
  step  540000 | e2e=0.2181 | floor=0.0519 | surv=236 | disq=30/30 | ... (-320.4%)
  step  560000 | e2e=0.2041 | floor=0.0519 | surv=290 | disq=30/30 | ... (-293.5%)
  step  580000 | e2e=0.7684 | floor=0.0519 | surv=233 | disq=30/30 | ... (-1381.4%)
  step  600000 | e2e=0.5072 | floor=0.0519 | surv=149 | disq=30/30 | ... (-877.9%)
  step  620000 | e2e=0.5032 | floor=0.0519 | surv=133 | disq=30/30 | ... (-870.2%)
  step  640000 | e2e=0.5911 | floor=0.0519 | surv=163 | disq=30/30 | ... (-1039.6%)
  step  660000 | e2e=0.5102 | floor=0.0519 | surv=175 | disq=30/30 | ... (-883.6%)
  step  680000 | e2e=0.4319 | floor=0.0519 | surv=203 | disq=30/30 | ... (-732.7%)
  step  700000 | e2e=0.4781 | floor=0.0519 | surv=222 | disq=28/30 | ... (-821.7%)
  step  720000 | e2e=0.4075 | floor=0.0519 | surv=205 | disq=30/30 | ... (-685.6%)
  step  740000 | e2e=0.5914 | floor=0.0519 | surv=226 | disq=29/30 | ... (-1040.1%)
  step  760000 | e2e=0.4803 | floor=0.0519 | surv=279 | disq=28/30 | ... (-826.0%)
  step  780000 | e2e=0.3784 | floor=0.0519 | surv=280 | disq=30/30 | ... (-629.5%)
  step  800000 | e2e=0.4242 | floor=0.0519 | surv=278 | disq=30/30 | ... (-717.8%)
  step  820000 | e2e=0.6282 | floor=0.0519 | surv=272 | disq=26/30 | ... (-1111.1%)
  step  840000 | e2e=0.5754 | floor=0.0519 | surv=260 | disq=20/30 | ... (-1009.4%)
  step  860000 | e2e=0.4665 | floor=0.0519 | surv=269 | disq=28/30 | ... (-799.4%)
  step  880000 | e2e=0.2225 | floor=0.0519 | surv=298 | disq=30/30 | ... (-329.0%)
  step  900000 | e2e=0.1394 | floor=0.0519 | surv=251 | disq=30/30 | ... (-168.7%)
  step  920000 | e2e=0.1204 | floor=0.0519 | surv=231 | disq=30/30 | ... (-132.1%)
  step  940000 | e2e=0.1185 | floor=0.0519 | surv=248 | disq=30/30 | ... (-128.5%)
  step  960000 | e2e=0.1256 | floor=0.0519 | surv=283 | disq=30/30 | ... (-142.1%)
  step  980000 | e2e=0.0954 | floor=0.0519 | surv=230 | disq=30/30 | ... (-83.9%)
  step 1000000 | e2e=0.0924 | floor=0.0519 | surv=275 | disq=30/30 | ... (-78.1%)
done.
